{
  "content_id": "ipx00123",
  "id": "",
  "display_name": "",
  "title": "Test Movie Minimal",
  "original_title": "",
  "description": "",
  "release_date": null,
  "release_year": 0,
  "runtime": 0,
  "director": "",
  "maker": "",
  "label": "",
  "series": "",
  "rating_score": 0,
  "rating_votes": 0,
  "poster_url": "",
  "cover_url": "",
  "cropped_poster_url": "",
  "should_crop_poster": false,
  "trailer_url": "",
  "original_filename": "",
  "actresses": null,
  "genres": null,
  "screenshot_urls": null,
  "translations": null,
  "source_name": "",
  "source_url": "",
  "created_at": "0001-01-01T00:00:00Z",
  "updated_at": "0001-01-01T00:00:00Z"
}
